Night blindness	ICD10:H53.6	OMIM:310500
Essential (primary) hypertension	ICD10:I10	OMIM:145500
Porphyria cutanea tarda	ICD10:E80.1	OMIM:176100
Orthostatic hypotension	ICD10:I95.1	OMIM:146500
Incontinentia pigmenti	ICD10:Q82.3	OMIM:308300
Congenital glaucoma	ICD10:Q15.0	OMIM:231300
Chronic obstructive pulmonary disease, unspecified	ICD10:J44.9	OMIM:606963
Migraine, unspecified	ICD10:G43	OMIM:157300
Migraine, unspecified	ICD10:G43.9	OMIM:157300
Chronic myeloid leukaemia	ICD10:C92.1	OMIM:608232
Familial dysautonomia [Riley-Day]	ICD10:G90.1	OMIM:223900
Hereditary haemorrhagic telangiectasia	ICD10:I78.0	OMIM:187300
Insulin-dependent diabetes mellitus	ICD10:E10	OMIM:222100
Chondroectodermal dysplasia	ICD10:Q77.6	OMIM:225500
Absence of iris	ICD10:Q13.1	OMIM:106210
Diverticulum of bladder	ICD10:N32.3	OMIM:109820
Gastroschisis	ICD10:Q79.3	OMIM:230750
Multiple congenital exostoses	ICD10:Q78.6	OMIM:133700
Polycythaemia vera	ICD10:D45	OMIM:263300
Aplastic anaemia, unspecified	ICD10:D61.9	OMIM:609135
Hodgkin's disease, unspecified	ICD10:C81	OMIM:236000
Hodgkin's disease, unspecified	ICD10:C81.9	OMIM:236000
Torsion of testis	ICD10:N44	OMIM:187400
Arteriovenous malformation of cerebral vessels	ICD10:Q28.2	OMIM:108010
Aneurysmal bone cyst	ICD10:M85.5	OMIM:606179
Androgenic alopecia, unspecified	ICD10:L64	OMIM:109200
Androgenic alopecia, unspecified	ICD10:L64.9	OMIM:109200
Spondylolisthesis	ICD10:M43.1	OMIM:184200
Common arterial trunk	ICD10:Q20.0	OMIM:217095
Acute myeloid leukaemia	ICD10:C92.0	OMIM:601626
Congenital diaphragmatic hernia	ICD10:Q79.0	OMIM:142340
Sudden infant death syndrome	ICD10:R95	OMIM:272120
Pre-eclampsia, unspecified	ICD10:O14.9	OMIM:189800
Astigmatism	ICD10:H52.2	OMIM:603047
Prune belly syndrome	ICD10:Q79.4	OMIM:100100
Liver, unspecified	ICD10:C22.9	OMIM:114550
Burkitt's tumour non-Hodgkin's lymphoma	ICD10:C83.7	OMIM:113970
Malignant neoplasm of ureter	ICD10:C66	OMIM:191600
Stomach, unspecified	ICD10:C16	OMIM:613659
Stomach, unspecified	ICD10:C16.9	OMIM:613659
Febrile neutrophilic dermatosis [Sweet]	ICD10:L98.2	OMIM:608068
Pityriasis rubra pilaris	ICD10:L44.0	OMIM:173200
Sicca syndrome [Sjogren]	ICD10:M35.0	OMIM:270150
Hypertelorism	ICD10:Q75.2	OMIM:145400
Geographic tongue	ICD10:K14.1	OMIM:137400
Metaphyseal dysplasia	ICD10:Q78.5	OMIM:265900
Purine nucleoside phosphorylase [PNP] deficiency	ICD10:D81.5	OMIM:613179
Mental and behavioural disorders due to use of alcohol, dependence syndrome	ICD10:F10.2	OMIM:103780
Alpha thalassaemia	ICD10:D56.0	OMIM:604131
Hyperchylomicronaemia	ICD10:E78.3	OMIM:238600
Situs inversus	ICD10:Q89.3	OMIM:270100
Epidermolysis bullosa letalis	ICD10:Q81.1	OMIM:226700
Stenosis of aorta	ICD10:I35.0	OMIM:614823
Stenosis of aorta	ICD10:Q25.3	OMIM:614823
Osteoporosis, unspecified	ICD10:M81.9	OMIM:166710
Choledochal cyst	ICD10:Q44.4	OMIM:603003
Congenital heart block	ICD10:Q24.6	OMIM:234700
Arnold-Chiari syndrome	ICD10:Q07.0	OMIM:207950
Ankylosis of teeth	ICD10:K03.5	OMIM:157950
X-linked ichthyosis	ICD10:Q80.1	OMIM:308100
Cleft uvula	ICD10:Q35.7	OMIM:192100
Posterior cyclitis	ICD10:H30.2	OMIM:606177
Myositis, unspecified	ICD10:M60	OMIM:160750
Myositis, unspecified	ICD10:M60.9	OMIM:160750
Trichotillomania	ICD10:F63.3	OMIM:613229
Accessory nipple	ICD10:Q83.3	OMIM:163700
Sixth [abducent] nerve palsy	ICD10:H49.2	OMIM:100200
Mandibulofacial dysostosis	ICD10:Q75.4	OMIM:154500
Torticollis	ICD10:M43.6	OMIM:189600
Persistent fetal circulation	ICD10:P29.3	OMIM:265380
Edwards' syndrome, unspecified	ICD10:Q91.3	OMIM:300484
Hereditary factor VIII deficiency	ICD10:D66	OMIM:306700
Synovial cyst of popliteal space [Baker]	ICD10:M71.2	OMIM:175750
Myelodysplastic syndrome, unspecified	ICD10:D46	OMIM:614286
Myelodysplastic syndrome, unspecified	ICD10:D46.9	OMIM:614286
Polydactyly, unspecified	ICD10:Q69	OMIM:603596
Polydactyly, unspecified	ICD10:Q69.9	OMIM:603596
Cervical rib	ICD10:Q76.5	OMIM:117900
Arhinencephaly	ICD10:Q04.1	OMIM:236100
Motion sickness	ICD10:T75.3	OMIM:158280
Obsessive-compulsive disorder, unspecified	ICD10:F42	OMIM:164230
Obsessive-compulsive disorder, unspecified	ICD10:F42.9	OMIM:164230
Coxarthrosis, unspecified	ICD10:M16	OMIM:612400
Coxarthrosis, unspecified	ICD10:M16.9	OMIM:612400
Seborrhoeic infantile dermatitis	ICD10:L21.1	OMIM:609536
Thromboangiitis obliterans [Buerger]	ICD10:I73.1	OMIM:211480
Fetal hydantoin syndrome	ICD10:Q86.1	OMIM:617955
Arterial fibromuscular dysplasia	ICD10:I77.3	OMIM:135580
Cystic fibrosis, unspecified	ICD10:E84	OMIM:219700
Cystic fibrosis, unspecified	ICD10:E84.9	OMIM:219700
Palmar fascial fibromatosis [Dupuytren]	ICD10:M72.0	OMIM:126900
Undescended testicle, unspecified	ICD10:Q53	OMIM:219050
Undescended testicle, unspecified	ICD10:Q53.9	OMIM:219050
Diastematomyelia	ICD10:Q06.2	OMIM:222500
Harlequin fetus	ICD10:Q80.4	OMIM:242500
Endocardial fibroelastosis	ICD10:I42.4	OMIM:226000
Gilbert's syndrome	ICD10:E80.4	OMIM:143500
Maple-syrup-urine disease	ICD10:E71.0	OMIM:248600
Folliculitis ulerythematosa reticulata	ICD10:L66.4	OMIM:209700
Mitral (valve) prolapse	ICD10:I34.1	OMIM:604715
Polycystic ovarian syndrome	ICD10:E28.2	OMIM:184700
Benign intracranial hypertension	ICD10:G93.2	OMIM:243200
Marfan's syndrome	ICD10:Q87.4	OMIM:154700
Polycystic kidney, adult type	ICD10:Q61.2	OMIM:173900
Chronic lymphocytic leukaemia	ICD10:C91.1	OMIM:151400
Choroidal degeneration	ICD10:H31.1	OMIM:303100##OMIM:215500
Congenital alopecia	ICD10:Q84.0	OMIM:300042
Wegener's granulomatosis	ICD10:M31.3	OMIM:608710
Normal-pressure hydrocephalus	ICD10:G91.2	OMIM:236690
Hypertensive renal disease	ICD10:I12	OMIM:608026
Coarctation of aorta	ICD10:Q25.1	OMIM:120000
Hyperkinetic disorder, unspecified	ICD10:F90	OMIM:143465
Hyperkinetic disorder, unspecified	ICD10:F90.9	OMIM:143465
Congenital absence of breast with absent nipple	ICD10:Q83.0	OMIM:113700
Meckel's diverticulum	ICD10:Q43.0	OMIM:155140
Knuckle pads	ICD10:M72.1	OMIM:149100
Budd-Chiari syndrome	ICD10:I82.0	OMIM:600880
Ainhum	ICD10:L94.6	OMIM:103400
Huntington's disease	ICD10:G10	OMIM:143100
Calculus of kidney	ICD10:N20.0	OMIM:167030
Rectal prolapse	ICD10:K62.3	OMIM:176780
Classical phenylketonuria	ICD10:E70.0	OMIM:261600
Primary adrenocortical insufficiency	ICD10:E27.1	OMIM:240200
Coeliac artery compression syndrome	ICD10:I77.4	OMIM:116870
Pre-excitation syndrome	ICD10:I45.6	OMIM:194200
Cardiac arrhythmia, unspecified	ICD10:I49.9	OMIM:115000
Keratosis follicularis et parafollicularis in cutem penetrans [Kyrle]	ICD10:L87.0	OMIM:149500
Alopecia universalis	ICD10:L63.1	OMIM:104000
Steatocystoma multiplex	ICD10:L72.2	OMIM:184500
Accessory thumb(s)	ICD10:Q69.1	OMIM:174400
Diffuse sclerosis	ICD10:G37.0	OMIM:272100
Breast, unspecified	ICD10:C50	OMIM:114480
Breast, unspecified	ICD10:C50-C50.9	OMIM:114480
Breast, unspecified	ICD10:C50.9	OMIM:114480
Congenital malformation of ear, unspecified	ICD10:Q17.9	OMIM:128600
Yellow nail syndrome	ICD10:L60.5	OMIM:153300
Refsum's disease	ICD10:G60.1	OMIM:266500
Carpal tunnel syndrome	ICD10:G56.0	OMIM:115430
Acanthosis nigricans	ICD10:L83	OMIM:100600
Spina bifida, unspecified	ICD10:Q05	OMIM:182940
Spina bifida, unspecified	ICD10:Q05.9	OMIM:182940
Craniosynostosis	ICD10:Q75.0	OMIM:123100
Crigler-Najjar syndrome	ICD10:E80.5	OMIM:218800
Multifocal fibrosclerosis	ICD10:M35.5	OMIM:228800
Down's syndrome, unspecified	ICD10:Q90	OMIM:190685
Down's syndrome, unspecified	ICD10:Q90.9	OMIM:190685
Combined vocal and multiple motor tic disorder [de la Tourette]	ICD10:F95.2	OMIM:137580
Primary ovarian failure	ICD10:E28.3	OMIM:311360
Pseudofolliculitis barbae	ICD10:L73.1	OMIM:612318
Schizophrenia, unspecified	ICD10:F20	OMIM:181500
Schizophrenia, unspecified	ICD10:F20.9	OMIM:181500
Meniere's disease	ICD10:H81.0	OMIM:156000
Congenital lactase deficiency	ICD10:E73.0	OMIM:223000
Mast cell leukaemia	ICD10:C94.3	OMIM:154800
Alzheimer's disease, unspecified	ICD10:G30	OMIM:104300
Alzheimer's disease, unspecified	ICD10:G30.9	OMIM:104300
Extreme obesity with alveolar hypoventilation	ICD10:E66.2	OMIM:257500
Subacute myeloid leukaemia	ICD10:C92.2	OMIM:608232
Leiomyoma of uterus, unspecified	ICD10:D25	OMIM:150699
Leiomyoma of uterus, unspecified	ICD10:D25.9	OMIM:150699
Nezelof's syndrome	ICD10:D81.4	OMIM:242700
Meconium ileus	ICD10:P75	OMIM:614665
Double outlet right ventricle	ICD10:Q20.1	OMIM:217095
Aortic valve disorder, unspecified	ICD10:I35.9	OMIM:109730
Beta thalassaemia	ICD10:D56.1	OMIM:613985
Myositis ossificans progressiva	ICD10:M61.1	OMIM:135100
Androgen resistance syndrome	ICD10:E34.5	OMIM:300068
Subacute sclerosing panencephalitis	ICD10:A81.1	OMIM:260470
Ebstein's anomaly	ICD10:Q22.5	OMIM:224700
Chondromalacia patellae	ICD10:M22.4	OMIM:168900
Lichen sclerosus et atrophicus	ICD10:L90.0	OMIM:151590
Hereditary factor IX deficiency	ICD10:D67	OMIM:306900
Felty's syndrome	ICD10:M05.0	OMIM:134750
Endometriosis of uterus	ICD10:N80.0	OMIM:600458
Cleft soft palate	ICD10:Q35.3	OMIM:119570
Postmenopausal osteoporosis	ICD10:M81.0	OMIM:166710
Neonatal jaundice from breast milk inhibitor	ICD10:P59.3	OMIM:237900
Cerebral infarction, unspecified	ICD10:I63	OMIM:601367
Cerebral infarction, unspecified	ICD10:I63.9	OMIM:601367
Supernumerary teeth	ICD10:K00.1	OMIM:187100
Juvenile osteochondrosis of head of femur [Legg-Calve-Perthes]	ICD10:M91.2	OMIM:150600
Juvenile osteochondrosis of head of femur [Legg-Calve-Perthes]	ICD10:M91.3	OMIM:150600
Juvenile osteochondrosis of head of femur [Legg-Calve-Perthes]	ICD10:M91.1	OMIM:150600
Atrial septal defect	ICD10:Q21.1	OMIM:108800
Childhood autism	ICD10:F84.0	OMIM:209850
Hereditary lymphoedema	ICD10:Q82.0	OMIM:153100
Rett's syndrome	ICD10:F84.2	OMIM:312750
Seborrhoeic keratosis	ICD10:L82	OMIM:182000
Sickle-cell disorders	ICD10:D57	OMIM:603903
Lesch-Nyhan syndrome	ICD10:E79.1	OMIM:300322
Juvenile osteochondrosis of spine	ICD10:M42.0	OMIM:181440
Creutzfeldt-Jakob disease	ICD10:A81.0	OMIM:123400
Tetralogy of Fallot	ICD10:Q21.3	OMIM:187500
Thyrotoxicosis, unspecified	ICD10:E05.9	OMIM:275000
Colon, unspecified	ICD10:C18	OMIM:114500
Colon, unspecified	ICD10:C18.9	OMIM:114500
Atresia of foramina of Magendie and Luschka	ICD10:Q03.1	OMIM:220200
Progressive diaphyseal dysplasia	ICD10:Q78.3	OMIM:131300
Malignant melanoma of skin	ICD10:C43.9	OMIM:155600
Malignant melanoma of skin	ICD10:C43	OMIM:155600
Systemic lupus erythematosus, unspecified	ICD10:M32	OMIM:152700
Systemic lupus erythematosus, unspecified	ICD10:M32.9	OMIM:152700
Malignant neoplasm of ovary	ICD10:C56	OMIM:167000
Atopic dermatitis, unspecified	ICD10:L20	OMIM:603165
Atopic dermatitis, unspecified	ICD10:L20.9	OMIM:603165
Congenital bullous ichthyosiform erythroderma	ICD10:Q80.3	OMIM:113800
Polycystic kidney, infantile type	ICD10:Q61.1	OMIM:263200
Annular pancreas	ICD10:Q45.1	OMIM:167750
Gastro-oesophageal reflux disease	ICD10:K21	OMIM:109350
Myasthenia gravis	ICD10:G70.0	OMIM:254200
Exstrophy of urinary bladder	ICD10:Q64.1	OMIM:600057
Holoprosencephaly	ICD10:Q04.2	OMIM:236100
Intussusception	ICD10:K56.1	OMIM:147710
Ankylosing hyperostosis [Forestier]	ICD10:M48.1	OMIM:106400
Melkersson's syndrome	ICD10:G51.2	OMIM:155900
Congenital malformation of heart, unspecified	ICD10:Q24.9	OMIM:140500##OMIM:234750
Trigeminal neuralgia	ICD10:G50.0	OMIM:190400
Hereditary erythropoietic porphyria	ICD10:E80.0	OMIM:263700
Enchondromatosis	ICD10:Q78.4	OMIM:166000
Imperforate hymen	ICD10:Q52.3	OMIM:237100
Acrodermatitis continua	ICD10:L40.2	OMIM:614204
Bipolar affective disorder, unspecified	ICD10:F31	OMIM:611535
Bipolar affective disorder, unspecified	ICD10:F31.9	OMIM:611535
Deletion of short arm of chromosome 5	ICD10:Q93.4	OMIM:123450
Bladder, unspecified	ICD10:C67	OMIM:109800
Bladder, unspecified	ICD10:C67.9	OMIM:109800
Transcobalamin II deficiency	ICD10:D51.2	OMIM:275350
Rheumatoid nodule	ICD10:M06.3	OMIM:180350
CR(E)ST syndrome	ICD10:M34.1	OMIM:181750
Crohn's disease, unspecified	ICD10:K50	OMIM:266600
Crohn's disease, unspecified	ICD10:K50.9	OMIM:266600
Obesity, unspecified	ICD10:E66	OMIM:601665
Obesity, unspecified	ICD10:E66.9	OMIM:601665
Stroke, not specified as haemorrhage or infarction	ICD10:I64	OMIM:601367
Selective deficiency of immunoglobulin A [IgA]	ICD10:D80.2	OMIM:137100
Riboflavin deficiency	ICD10:E53.0	OMIM:615026
Hepatoblastoma	ICD10:C22.2	OMIM:114550
Tropical spastic paraplegia	ICD10:G04.1	OMIM:159580
Malignant neoplasm of prostate	ICD10:C61	OMIM:176807
Primary biliary cirrhosis	ICD10:K74.3	OMIM:109720
Protrusio acetabuli	ICD10:M24.7	OMIM:177050
Tuberous sclerosis	ICD10:Q85.1	OMIM:191100
Primary open-angle glaucoma	ICD10:H40.1	OMIM:137760
Pure hyperglyceridaemia	ICD10:E78.1	OMIM:144600##OMIM:145750
Liver cell carcinoma	ICD10:C22.0	OMIM:114550
Infantile spinal muscular atrophy, type I [Werdnig-Hoffman]	ICD10:G12.0	OMIM:253300
Mucopolysaccharidosis, type II	ICD10:E76.1	OMIM:309900
Rheumatoid arthritis, unspecified	ICD10:M06.9	OMIM:180300
Acute promyelocytic leukaemia	ICD10:C92.4	OMIM:612376
Talipes equinovarus	ICD10:Q66.0	OMIM:119800
Retinopathy of prematurity	ICD10:H35.1	OMIM:133780
Anencephaly	ICD10:Q00.0	OMIM:206500
Pituitary-dependent Cushing's disease	ICD10:E24.0	OMIM:219090
Conduction disorder, unspecified	ICD10:I45.9	OMIM:115080
Intervertebral disc disorder, unspecified	ICD10:M51.9	OMIM:603932
Generalized idiopathic epilepsy and epileptic syndromes	ICD10:G40.3	OMIM:600669
Wiskott-Aldrich syndrome	ICD10:D82.0	OMIM:301000
Hallervorden-Spatz disease	ICD10:G23.0	OMIM:234200
Allergic rhinitis, unspecified	ICD10:J30.4	OMIM:607154
Pathological gambling	ICD10:F63.0	OMIM:606349
Deletion of short arm of chromosome 4	ICD10:Q93.3	OMIM:194190
Multiple myeloma	ICD10:C90.0	OMIM:254500
Plicated tongue	ICD10:K14.5	OMIM:137400
Letterer-Siwe disease	ICD10:C96.0	OMIM:246400
Achondroplasia	ICD10:Q77.4	OMIM:100800
Epidermal cyst	ICD10:L72.0	OMIM:131600
Delta-beta thalassaemia	ICD10:D56.2	OMIM:141749
Idiopathic thrombocytopenic purpura	ICD10:D69.3	OMIM:188030
Ataxic cerebral palsy	ICD10:G80.4	OMIM:605388
Pectus excavatum	ICD10:Q67.6	OMIM:169300
Spondyloepiphyseal dysplasia	ICD10:Q77.7	OMIM:183900
Mucocutaneous lymph node syndrome [Kawasaki]	ICD10:M30.3	OMIM:611775
Pilonidal cyst	ICD10:L05	OMIM:173000
Septo-optic dysplasia	ICD10:Q04.4	OMIM:182230
Vibratory urticaria	ICD10:L50.4	OMIM:125630
Specific (isolated) phobias	ICD10:F40.2	OMIM:608251
Aortic arch syndrome [Takayasu]	ICD10:M31.4	OMIM:207600
Neuronal ceroid lipofuscinosis	ICD10:E75.4	OMIM:214200
Ulcerative colitis, unspecified	ICD10:K51	OMIM:266600
Ulcerative colitis, unspecified	ICD10:K51.9	OMIM:266600
Acquired aphasia with epilepsy [Landau-Kleffner]	ICD10:F80.3	OMIM:245570
Congenital ichthyosis, unspecified	ICD10:Q80	OMIM:242300
Congenital ichthyosis, unspecified	ICD10:Q80.9	OMIM:242300
Arteriovenous fistula of pulmonary vessels	ICD10:I28.0	OMIM:265140
Non-insulin-dependent diabetes mellitus	ICD10:E11	OMIM:125853
Ichthyosis vulgaris	ICD10:Q80.0	OMIM:146700
Elastosis perforans serpiginosa	ICD10:L87.2	OMIM:130100
Hyperprolactinaemia	ICD10:E22.1	OMIM:615555
Chronic periodontitis	ICD10:K05.3	OMIM:260950
Clubbed nail pachydermoperiostosis	ICD10:L62.0	OMIM:259100
Hydatidiform mole, unspecified	ICD10:O01	OMIM:231090
Hydatidiform mole, unspecified	ICD10:O01.0	OMIM:231090
Hydatidiform mole, unspecified	ICD10:O01.9	OMIM:231090
Behcet's disease	ICD10:M35.2	OMIM:109650
Chronic multifocal osteomyelitis	ICD10:M86.3	OMIM:259680
Common variable immunodeficiency, unspecified	ICD10:D83	OMIM:607594
Common variable immunodeficiency, unspecified	ICD10:D83.9	OMIM:607594
Di George's syndrome	ICD10:D82.1	OMIM:188400
Perifolliculitis capitis abscedens	ICD10:L66.3	OMIM:260910
Hereditary factor XI deficiency	ICD10:D68.1	OMIM:612416
Polyostotic fibrous dysplasia	ICD10:Q78.1	OMIM:174800
Mycosis fungoides	ICD10:C84.0	OMIM:254400
Balkan nephropathy	ICD10:N15.0	OMIM:124100
